// Jest Snapshot v1, https://goo.gl/fbAQLP

exports[`List renders no notes 1`] = `
initialize {
  "0": Object {
    "attribs": Object {
      "id": "notes-list",
    },
    "children": Array [
      Object {
        "attribs": Object {
          "id": "notes-list",
        },
        "children": Array [
          Object {
            "attribs": Object {},
            "children": Array [
              Object {
                "data": "Calculating... items",
                "next": null,
                "parent": [Circular],
                "prev": null,
                "type": "text",
              },
            ],
            "name": "p",
            "namespace": "http://www.w3.org/1999/xhtml",
            "next": Object {
              "attribs": Object {},
              "children": Array [
                Object {
                  "attribs": Object {},
                  "children": Array [
                    Object {
                      "data": "Loading...",
                      "next": null,
                      "parent": [Circular],
                      "prev": null,
                      "type": "text",
                    },
                  ],
                  "name": "div",
                  "namespace": "http://www.w3.org/1999/xhtml",
                  "next": null,
                  "parent": [Circular],
                  "prev": null,
                  "type": "tag",
                  "x-attribsNamespace": Object {},
                  "x-attribsPrefix": Object {},
                },
              ],
              "name": "ul",
              "namespace": "http://www.w3.org/1999/xhtml",
              "next": Object {
                "attribs": Object {
                  "id": "add-item",
                },
                "children": Array [
                  Object {
                    "attribs": Object {
                      "id": "content",
                      "placeholder": "Enter your note...",
                      "type": "text",
                    },
                    "children": Array [],
                    "name": "input",
                    "namespace": "http://www.w3.org/1999/xhtml",
                    "next": Object {
                      "attribs": Object {
                        "type": "submit",
                        "value": "Add",
                      },
                      "children": Array [],
                      "name": "input",
                      "namespace": "http://www.w3.org/1999/xhtml",
                      "next": null,
                      "parent": [Circular],
                      "prev": [Circular],
                      "type": "tag",
                      "x-attribsNamespace": Object {
                        "type": undefined,
                        "value": undefined,
                      },
                      "x-attribsPrefix": Object {
                        "type": undefined,
                        "value": undefined,
                      },
                    },
                    "parent": [Circular],
                    "prev": null,
                    "type": "tag",
                    "x-attribsNamespace": Object {
                      "id": undefined,
                      "placeholder": undefined,
                      "type": undefined,
                    },
                    "x-attribsPrefix": Object {
                      "id": undefined,
                      "placeholder": undefined,
                      "type": undefined,
                    },
                  },
                  Object {
                    "attribs": Object {
                      "type": "submit",
                      "value": "Add",
                    },
                    "children": Array [],
                    "name": "input",
                    "namespace": "http://www.w3.org/1999/xhtml",
                    "next": null,
                    "parent": [Circular],
                    "prev": Object {
                      "attribs": Object {
                        "id": "content",
                        "placeholder": "Enter your note...",
                        "type": "text",
                      },
                      "children": Array [],
                      "name": "input",
                      "namespace": "http://www.w3.org/1999/xhtml",
                      "next": [Circular],
                      "parent": [Circular],
                      "prev": null,
                      "type": "tag",
                      "x-attribsNamespace": Object {
                        "id": undefined,
                        "placeholder": undefined,
                        "type": undefined,
                      },
                      "x-attribsPrefix": Object {
                        "id": undefined,
                        "placeholder": undefined,
                        "type": undefined,
                      },
                    },
                    "type": "tag",
                    "x-attribsNamespace": Object {
                      "type": undefined,
                      "value": undefined,
                    },
                    "x-attribsPrefix": Object {
                      "type": undefined,
                      "value": undefined,
                    },
                  },
                ],
                "name": "form",
                "namespace": "http://www.w3.org/1999/xhtml",
                "next": null,
                "parent": [Circular],
                "prev": [Circular],
                "type": "tag",
                "x-attribsNamespace": Object {
                  "id": undefined,
                },
                "x-attribsPrefix": Object {
                  "id": undefined,
                },
              },
              "parent": [Circular],
              "prev": [Circular],
              "type": "tag",
              "x-attribsNamespace": Object {},
              "x-attribsPrefix": Object {},
            },
            "parent": [Circular],
            "prev": null,
            "type": "tag",
            "x-attribsNamespace": Object {},
            "x-attribsPrefix": Object {},
          },
          Object {
            "attribs": Object {},
            "children": Array [
              Object {
                "attribs": Object {},
                "children": Array [
                  Object {
                    "data": "Loading...",
                    "next": null,
                    "parent": [Circular],
                    "prev": null,
                    "type": "text",
                  },
                ],
                "name": "div",
                "namespace": "http://www.w3.org/1999/xhtml",
                "next": null,
                "parent": [Circular],
                "prev": null,
                "type": "tag",
                "x-attribsNamespace": Object {},
                "x-attribsPrefix": Object {},
              },
            ],
            "name": "ul",
            "namespace": "http://www.w3.org/1999/xhtml",
            "next": Object {
              "attribs": Object {
                "id": "add-item",
              },
              "children": Array [
                Object {
                  "attribs": Object {
                    "id": "content",
                    "placeholder": "Enter your note...",
                    "type": "text",
                  },
                  "children": Array [],
                  "name": "input",
                  "namespace": "http://www.w3.org/1999/xhtml",
                  "next": Object {
                    "attribs": Object {
                      "type": "submit",
                      "value": "Add",
                    },
                    "children": Array [],
                    "name": "input",
                    "namespace": "http://www.w3.org/1999/xhtml",
                    "next": null,
                    "parent": [Circular],
                    "prev": [Circular],
                    "type": "tag",
                    "x-attribsNamespace": Object {
                      "type": undefined,
                      "value": undefined,
                    },
                    "x-attribsPrefix": Object {
                      "type": undefined,
                      "value": undefined,
                    },
                  },
                  "parent": [Circular],
                  "prev": null,
                  "type": "tag",
                  "x-attribsNamespace": Object {
                    "id": undefined,
                    "placeholder": undefined,
                    "type": undefined,
                  },
                  "x-attribsPrefix": Object {
                    "id": undefined,
                    "placeholder": undefined,
                    "type": undefined,
                  },
                },
                Object {
                  "attribs": Object {
                    "type": "submit",
                    "value": "Add",
                  },
                  "children": Array [],
                  "name": "input",
                  "namespace": "http://www.w3.org/1999/xhtml",
                  "next": null,
                  "parent": [Circular],
                  "prev": Object {
                    "attribs": Object {
                      "id": "content",
                      "placeholder": "Enter your note...",
                      "type": "text",
                    },
                    "children": Array [],
                    "name": "input",
                    "namespace": "http://www.w3.org/1999/xhtml",
                    "next": [Circular],
                    "parent": [Circular],
                    "prev": null,
                    "type": "tag",
                    "x-attribsNamespace": Object {
                      "id": undefined,
                      "placeholder": undefined,
                      "type": undefined,
                    },
                    "x-attribsPrefix": Object {
                      "id": undefined,
                      "placeholder": undefined,
                      "type": undefined,
                    },
                  },
                  "type": "tag",
                  "x-attribsNamespace": Object {
                    "type": undefined,
                    "value": undefined,
                  },
                  "x-attribsPrefix": Object {
                    "type": undefined,
                    "value": undefined,
                  },
                },
              ],
              "name": "form",
              "namespace": "http://www.w3.org/1999/xhtml",
              "next": null,
              "parent": [Circular],
              "prev": [Circular],
              "type": "tag",
              "x-attribsNamespace": Object {
                "id": undefined,
              },
              "x-attribsPrefix": Object {
                "id": undefined,
              },
            },
            "parent": [Circular],
            "prev": Object {
              "attribs": Object {},
              "children": Array [
                Object {
                  "data": "Calculating... items",
                  "next": null,
                  "parent": [Circular],
                  "prev": null,
                  "type": "text",
                },
              ],
              "name": "p",
              "namespace": "http://www.w3.org/1999/xhtml",
              "next": [Circular],
              "parent": [Circular],
              "prev": null,
              "type": "tag",
              "x-attribsNamespace": Object {},
              "x-attribsPrefix": Object {},
            },
            "type": "tag",
            "x-attribsNamespace": Object {},
            "x-attribsPrefix": Object {},
          },
          Object {
            "attribs": Object {
              "id": "add-item",
            },
            "children": Array [
              Object {
                "attribs": Object {
                  "id": "content",
                  "placeholder": "Enter your note...",
                  "type": "text",
                },
                "children": Array [],
                "name": "input",
                "namespace": "http://www.w3.org/1999/xhtml",
                "next": Object {
                  "attribs": Object {
                    "type": "submit",
                    "value": "Add",
                  },
                  "children": Array [],
                  "name": "input",
                  "namespace": "http://www.w3.org/1999/xhtml",
                  "next": null,
                  "parent": [Circular],
                  "prev": [Circular],
                  "type": "tag",
                  "x-attribsNamespace": Object {
                    "type": undefined,
                    "value": undefined,
                  },
                  "x-attribsPrefix": Object {
                    "type": undefined,
                    "value": undefined,
                  },
                },
                "parent": [Circular],
                "prev": null,
                "type": "tag",
                "x-attribsNamespace": Object {
                  "id": undefined,
                  "placeholder": undefined,
                  "type": undefined,
                },
                "x-attribsPrefix": Object {
                  "id": undefined,
                  "placeholder": undefined,
                  "type": undefined,
                },
              },
              Object {
                "attribs": Object {
                  "type": "submit",
                  "value": "Add",
                },
                "children": Array [],
                "name": "input",
                "namespace": "http://www.w3.org/1999/xhtml",
                "next": null,
                "parent": [Circular],
                "prev": Object {
                  "attribs": Object {
                    "id": "content",
                    "placeholder": "Enter your note...",
                    "type": "text",
                  },
                  "children": Array [],
                  "name": "input",
                  "namespace": "http://www.w3.org/1999/xhtml",
                  "next": [Circular],
                  "parent": [Circular],
                  "prev": null,
                  "type": "tag",
                  "x-attribsNamespace": Object {
                    "id": undefined,
                    "placeholder": undefined,
                    "type": undefined,
                  },
                  "x-attribsPrefix": Object {
                    "id": undefined,
                    "placeholder": undefined,
                    "type": undefined,
                  },
                },
                "type": "tag",
                "x-attribsNamespace": Object {
                  "type": undefined,
                  "value": undefined,
                },
                "x-attribsPrefix": Object {
                  "type": undefined,
                  "value": undefined,
                },
              },
            ],
            "name": "form",
            "namespace": "http://www.w3.org/1999/xhtml",
            "next": null,
            "parent": [Circular],
            "prev": Object {
              "attribs": Object {},
              "children": Array [
                Object {
                  "attribs": Object {},
                  "children": Array [
                    Object {
                      "data": "Loading...",
                      "next": null,
                      "parent": [Circular],
                      "prev": null,
                      "type": "text",
                    },
                  ],
                  "name": "div",
                  "namespace": "http://www.w3.org/1999/xhtml",
                  "next": null,
                  "parent": [Circular],
                  "prev": null,
                  "type": "tag",
                  "x-attribsNamespace": Object {},
                  "x-attribsPrefix": Object {},
                },
              ],
              "name": "ul",
              "namespace": "http://www.w3.org/1999/xhtml",
              "next": [Circular],
              "parent": [Circular],
              "prev": Object {
                "attribs": Object {},
                "children": Array [
                  Object {
                    "data": "Calculating... items",
                    "next": null,
                    "parent": [Circular],
                    "prev": null,
                    "type": "text",
                  },
                ],
                "name": "p",
                "namespace": "http://www.w3.org/1999/xhtml",
                "next": [Circular],
                "parent": [Circular],
                "prev": null,
                "type": "tag",
                "x-attribsNamespace": Object {},
                "x-attribsPrefix": Object {},
              },
              "type": "tag",
              "x-attribsNamespace": Object {},
              "x-attribsPrefix": Object {},
            },
            "type": "tag",
            "x-attribsNamespace": Object {
              "id": undefined,
            },
            "x-attribsPrefix": Object {
              "id": undefined,
            },
          },
        ],
        "name": "div",
        "namespace": "http://www.w3.org/1999/xhtml",
        "next": null,
        "parent": [Circular],
        "prev": null,
        "type": "tag",
        "x-attribsNamespace": Object {
          "id": undefined,
        },
        "x-attribsPrefix": Object {
          "id": undefined,
        },
      },
    ],
    "name": "div",
    "namespace": "http://www.w3.org/1999/xhtml",
    "next": null,
    "parent": null,
    "prev": null,
    "root": Object {
      "attribs": Object {},
      "children": Array [
        [Circular],
      ],
      "name": "root",
      "namespace": "http://www.w3.org/1999/xhtml",
      "next": null,
      "parent": null,
      "prev": null,
      "type": "root",
      "x-attribsNamespace": Object {},
      "x-attribsPrefix": Object {},
    },
    "type": "tag",
    "x-attribsNamespace": Object {
      "id": undefined,
    },
    "x-attribsPrefix": Object {
      "id": undefined,
    },
  },
  "_root": [Circular],
  "length": 1,
  "options": Object {
    "decodeEntities": true,
    "normalizeWhitespace": false,
    "withDomLvl1": true,
    "xml": false,
  },
}
`;

exports[`List renders one item 1`] = `
initialize {
  "0": Object {
    "attribs": Object {
      "id": "notes-list",
    },
    "children": Array [
      Object {
        "attribs": Object {
          "id": "notes-list",
        },
        "children": Array [
          Object {
            "attribs": Object {},
            "children": Array [
              Object {
                "data": "Calculating... items",
                "next": null,
                "parent": [Circular],
                "prev": null,
                "type": "text",
              },
            ],
            "name": "p",
            "namespace": "http://www.w3.org/1999/xhtml",
            "next": Object {
              "attribs": Object {},
              "children": Array [
                Object {
                  "attribs": Object {},
                  "children": Array [
                    Object {
                      "data": "Loading...",
                      "next": null,
                      "parent": [Circular],
                      "prev": null,
                      "type": "text",
                    },
                  ],
                  "name": "div",
                  "namespace": "http://www.w3.org/1999/xhtml",
                  "next": null,
                  "parent": [Circular],
                  "prev": null,
                  "type": "tag",
                  "x-attribsNamespace": Object {},
                  "x-attribsPrefix": Object {},
                },
              ],
              "name": "ul",
              "namespace": "http://www.w3.org/1999/xhtml",
              "next": Object {
                "attribs": Object {
                  "id": "add-item",
                },
                "children": Array [
                  Object {
                    "attribs": Object {
                      "id": "content",
                      "placeholder": "Enter your note...",
                      "type": "text",
                    },
                    "children": Array [],
                    "name": "input",
                    "namespace": "http://www.w3.org/1999/xhtml",
                    "next": Object {
                      "attribs": Object {
                        "type": "submit",
                        "value": "Add",
                      },
                      "children": Array [],
                      "name": "input",
                      "namespace": "http://www.w3.org/1999/xhtml",
                      "next": null,
                      "parent": [Circular],
                      "prev": [Circular],
                      "type": "tag",
                      "x-attribsNamespace": Object {
                        "type": undefined,
                        "value": undefined,
                      },
                      "x-attribsPrefix": Object {
                        "type": undefined,
                        "value": undefined,
                      },
                    },
                    "parent": [Circular],
                    "prev": null,
                    "type": "tag",
                    "x-attribsNamespace": Object {
                      "id": undefined,
                      "placeholder": undefined,
                      "type": undefined,
                    },
                    "x-attribsPrefix": Object {
                      "id": undefined,
                      "placeholder": undefined,
                      "type": undefined,
                    },
                  },
                  Object {
                    "attribs": Object {
                      "type": "submit",
                      "value": "Add",
                    },
                    "children": Array [],
                    "name": "input",
                    "namespace": "http://www.w3.org/1999/xhtml",
                    "next": null,
                    "parent": [Circular],
                    "prev": Object {
                      "attribs": Object {
                        "id": "content",
                        "placeholder": "Enter your note...",
                        "type": "text",
                      },
                      "children": Array [],
                      "name": "input",
                      "namespace": "http://www.w3.org/1999/xhtml",
                      "next": [Circular],
                      "parent": [Circular],
                      "prev": null,
                      "type": "tag",
                      "x-attribsNamespace": Object {
                        "id": undefined,
                        "placeholder": undefined,
                        "type": undefined,
                      },
                      "x-attribsPrefix": Object {
                        "id": undefined,
                        "placeholder": undefined,
                        "type": undefined,
                      },
                    },
                    "type": "tag",
                    "x-attribsNamespace": Object {
                      "type": undefined,
                      "value": undefined,
                    },
                    "x-attribsPrefix": Object {
                      "type": undefined,
                      "value": undefined,
                    },
                  },
                ],
                "name": "form",
                "namespace": "http://www.w3.org/1999/xhtml",
                "next": null,
                "parent": [Circular],
                "prev": [Circular],
                "type": "tag",
                "x-attribsNamespace": Object {
                  "id": undefined,
                },
                "x-attribsPrefix": Object {
                  "id": undefined,
                },
              },
              "parent": [Circular],
              "prev": [Circular],
              "type": "tag",
              "x-attribsNamespace": Object {},
              "x-attribsPrefix": Object {},
            },
            "parent": [Circular],
            "prev": null,
            "type": "tag",
            "x-attribsNamespace": Object {},
            "x-attribsPrefix": Object {},
          },
          Object {
            "attribs": Object {},
            "children": Array [
              Object {
                "attribs": Object {},
                "children": Array [
                  Object {
                    "data": "Loading...",
                    "next": null,
                    "parent": [Circular],
                    "prev": null,
                    "type": "text",
                  },
                ],
                "name": "div",
                "namespace": "http://www.w3.org/1999/xhtml",
                "next": null,
                "parent": [Circular],
                "prev": null,
                "type": "tag",
                "x-attribsNamespace": Object {},
                "x-attribsPrefix": Object {},
              },
            ],
            "name": "ul",
            "namespace": "http://www.w3.org/1999/xhtml",
            "next": Object {
              "attribs": Object {
                "id": "add-item",
              },
              "children": Array [
                Object {
                  "attribs": Object {
                    "id": "content",
                    "placeholder": "Enter your note...",
                    "type": "text",
                  },
                  "children": Array [],
                  "name": "input",
                  "namespace": "http://www.w3.org/1999/xhtml",
                  "next": Object {
                    "attribs": Object {
                      "type": "submit",
                      "value": "Add",
                    },
                    "children": Array [],
                    "name": "input",
                    "namespace": "http://www.w3.org/1999/xhtml",
                    "next": null,
                    "parent": [Circular],
                    "prev": [Circular],
                    "type": "tag",
                    "x-attribsNamespace": Object {
                      "type": undefined,
                      "value": undefined,
                    },
                    "x-attribsPrefix": Object {
                      "type": undefined,
                      "value": undefined,
                    },
                  },
                  "parent": [Circular],
                  "prev": null,
                  "type": "tag",
                  "x-attribsNamespace": Object {
                    "id": undefined,
                    "placeholder": undefined,
                    "type": undefined,
                  },
                  "x-attribsPrefix": Object {
                    "id": undefined,
                    "placeholder": undefined,
                    "type": undefined,
                  },
                },
                Object {
                  "attribs": Object {
                    "type": "submit",
                    "value": "Add",
                  },
                  "children": Array [],
                  "name": "input",
                  "namespace": "http://www.w3.org/1999/xhtml",
                  "next": null,
                  "parent": [Circular],
                  "prev": Object {
                    "attribs": Object {
                      "id": "content",
                      "placeholder": "Enter your note...",
                      "type": "text",
                    },
                    "children": Array [],
                    "name": "input",
                    "namespace": "http://www.w3.org/1999/xhtml",
                    "next": [Circular],
                    "parent": [Circular],
                    "prev": null,
                    "type": "tag",
                    "x-attribsNamespace": Object {
                      "id": undefined,
                      "placeholder": undefined,
                      "type": undefined,
                    },
                    "x-attribsPrefix": Object {
                      "id": undefined,
                      "placeholder": undefined,
                      "type": undefined,
                    },
                  },
                  "type": "tag",
                  "x-attribsNamespace": Object {
                    "type": undefined,
                    "value": undefined,
                  },
                  "x-attribsPrefix": Object {
                    "type": undefined,
                    "value": undefined,
                  },
                },
              ],
              "name": "form",
              "namespace": "http://www.w3.org/1999/xhtml",
              "next": null,
              "parent": [Circular],
              "prev": [Circular],
              "type": "tag",
              "x-attribsNamespace": Object {
                "id": undefined,
              },
              "x-attribsPrefix": Object {
                "id": undefined,
              },
            },
            "parent": [Circular],
            "prev": Object {
              "attribs": Object {},
              "children": Array [
                Object {
                  "data": "Calculating... items",
                  "next": null,
                  "parent": [Circular],
                  "prev": null,
                  "type": "text",
                },
              ],
              "name": "p",
              "namespace": "http://www.w3.org/1999/xhtml",
              "next": [Circular],
              "parent": [Circular],
              "prev": null,
              "type": "tag",
              "x-attribsNamespace": Object {},
              "x-attribsPrefix": Object {},
            },
            "type": "tag",
            "x-attribsNamespace": Object {},
            "x-attribsPrefix": Object {},
          },
          Object {
            "attribs": Object {
              "id": "add-item",
            },
            "children": Array [
              Object {
                "attribs": Object {
                  "id": "content",
                  "placeholder": "Enter your note...",
                  "type": "text",
                },
                "children": Array [],
                "name": "input",
                "namespace": "http://www.w3.org/1999/xhtml",
                "next": Object {
                  "attribs": Object {
                    "type": "submit",
                    "value": "Add",
                  },
                  "children": Array [],
                  "name": "input",
                  "namespace": "http://www.w3.org/1999/xhtml",
                  "next": null,
                  "parent": [Circular],
                  "prev": [Circular],
                  "type": "tag",
                  "x-attribsNamespace": Object {
                    "type": undefined,
                    "value": undefined,
                  },
                  "x-attribsPrefix": Object {
                    "type": undefined,
                    "value": undefined,
                  },
                },
                "parent": [Circular],
                "prev": null,
                "type": "tag",
                "x-attribsNamespace": Object {
                  "id": undefined,
                  "placeholder": undefined,
                  "type": undefined,
                },
                "x-attribsPrefix": Object {
                  "id": undefined,
                  "placeholder": undefined,
                  "type": undefined,
                },
              },
              Object {
                "attribs": Object {
                  "type": "submit",
                  "value": "Add",
                },
                "children": Array [],
                "name": "input",
                "namespace": "http://www.w3.org/1999/xhtml",
                "next": null,
                "parent": [Circular],
                "prev": Object {
                  "attribs": Object {
                    "id": "content",
                    "placeholder": "Enter your note...",
                    "type": "text",
                  },
                  "children": Array [],
                  "name": "input",
                  "namespace": "http://www.w3.org/1999/xhtml",
                  "next": [Circular],
                  "parent": [Circular],
                  "prev": null,
                  "type": "tag",
                  "x-attribsNamespace": Object {
                    "id": undefined,
                    "placeholder": undefined,
                    "type": undefined,
                  },
                  "x-attribsPrefix": Object {
                    "id": undefined,
                    "placeholder": undefined,
                    "type": undefined,
                  },
                },
                "type": "tag",
                "x-attribsNamespace": Object {
                  "type": undefined,
                  "value": undefined,
                },
                "x-attribsPrefix": Object {
                  "type": undefined,
                  "value": undefined,
                },
              },
            ],
            "name": "form",
            "namespace": "http://www.w3.org/1999/xhtml",
            "next": null,
            "parent": [Circular],
            "prev": Object {
              "attribs": Object {},
              "children": Array [
                Object {
                  "attribs": Object {},
                  "children": Array [
                    Object {
                      "data": "Loading...",
                      "next": null,
                      "parent": [Circular],
                      "prev": null,
                      "type": "text",
                    },
                  ],
                  "name": "div",
                  "namespace": "http://www.w3.org/1999/xhtml",
                  "next": null,
                  "parent": [Circular],
                  "prev": null,
                  "type": "tag",
                  "x-attribsNamespace": Object {},
                  "x-attribsPrefix": Object {},
                },
              ],
              "name": "ul",
              "namespace": "http://www.w3.org/1999/xhtml",
              "next": [Circular],
              "parent": [Circular],
              "prev": Object {
                "attribs": Object {},
                "children": Array [
                  Object {
                    "data": "Calculating... items",
                    "next": null,
                    "parent": [Circular],
                    "prev": null,
                    "type": "text",
                  },
                ],
                "name": "p",
                "namespace": "http://www.w3.org/1999/xhtml",
                "next": [Circular],
                "parent": [Circular],
                "prev": null,
                "type": "tag",
                "x-attribsNamespace": Object {},
                "x-attribsPrefix": Object {},
              },
              "type": "tag",
              "x-attribsNamespace": Object {},
              "x-attribsPrefix": Object {},
            },
            "type": "tag",
            "x-attribsNamespace": Object {
              "id": undefined,
            },
            "x-attribsPrefix": Object {
              "id": undefined,
            },
          },
        ],
        "name": "div",
        "namespace": "http://www.w3.org/1999/xhtml",
        "next": null,
        "parent": [Circular],
        "prev": null,
        "type": "tag",
        "x-attribsNamespace": Object {
          "id": undefined,
        },
        "x-attribsPrefix": Object {
          "id": undefined,
        },
      },
    ],
    "name": "div",
    "namespace": "http://www.w3.org/1999/xhtml",
    "next": null,
    "parent": null,
    "prev": null,
    "root": Object {
      "attribs": Object {},
      "children": Array [
        [Circular],
      ],
      "name": "root",
      "namespace": "http://www.w3.org/1999/xhtml",
      "next": null,
      "parent": null,
      "prev": null,
      "type": "root",
      "x-attribsNamespace": Object {},
      "x-attribsPrefix": Object {},
    },
    "type": "tag",
    "x-attribsNamespace": Object {
      "id": undefined,
    },
    "x-attribsPrefix": Object {
      "id": undefined,
    },
  },
  "_root": [Circular],
  "length": 1,
  "options": Object {
    "decodeEntities": true,
    "normalizeWhitespace": false,
    "withDomLvl1": true,
    "xml": false,
  },
}
`;
